// Jest Snapshot v1, https://goo.gl/fbAQLP

exports[`Snapshot 1`] = `
CognitoEntraidStack {
  "_crossRegionReferences": false,
  "_logicalIds": LogicalIDs {
    "renames": {},
    "reverse": {},
  },
  "_missingContext": [],
  "_stackDependencies": {},
  "_stackName": "MyTestStack",
  "_suppressTemplateIndentation": false,
  "_terminationProtection": false,
  "_versionReportingEnabled": undefined,
  "account": "\${Token[AWS.AccountId.2]}",
  "artifactId": "MyTestStack",
  "environment": "aws://unknown-account/unknown-region",
  "node": Node {
    "_children": {
      "EntraId": UserPoolIdentityProviderOidc {
        "_allowCrossEnvironment": false,
        "_physicalName": undefined,
        "env": {
          "account": "\${Token[AWS.AccountId.2]}",
          "region": "\${Token[AWS.Region.6]}",
        },
        "node": Node {
          "_children": {
            "Resource": CfnUserPoolIdentityProvider {
              "_cfnProperties": {
                "attributeMapping": {
                  "email": "email",
                  "family_name": "family_name",
                  "given_name": "given_name",
                },
                "idpIdentifiers": undefined,
                "providerDetails": {
                  "attributes_request_method": "GET",
                  "attributes_url": undefined,
                  "authorize_scopes": "openid profile email",
                  "authorize_url": undefined,
                  "client_id": "test",
                  "client_secret": "test",
                  "jwks_uri": undefined,
                  "oidc_issuer": "https://login.microsoftonline.com/test/v2.0",
                  "token_url": undefined,
                },
                "providerName": "EntraId",
                "providerType": "OIDC",
                "userPoolId": "\${Token[TOKEN.16]}",
              },
              "attrId": "\${Token[TOKEN.24]}",
              "attributeMapping": {
                "email": "email",
                "family_name": "family_name",
                "given_name": "given_name",
              },
              "cfnOptions": {},
              "cfnResourceType": "AWS::Cognito::UserPoolIdentityProvider",
              "dependsOn": Set {},
              "idpIdentifiers": undefined,
              "logicalId": "\${Token[MyTestStack.EntraId.Resource.LogicalID.23]}",
              "node": Node {
                "_children": {},
                "_context": {},
                "_dependencies": Set {},
                "_locked": false,
                "_metadata": [
                  {
                    "data": "\${Token[MyTestStack.EntraId.Resource.LogicalID.23]}",
                    "trace": undefined,
                    "type": "aws:cdk:logicalId",
                  },
                ],
                "_validations": [],
                "host": [Circular],
                "id": "Resource",
                "scope": [Circular],
              },
              "providerDetails": {
                "attributes_request_method": "GET",
                "attributes_url": undefined,
                "authorize_scopes": "openid profile email",
                "authorize_url": undefined,
                "client_id": "test",
                "client_secret": "test",
                "jwks_uri": undefined,
                "oidc_issuer": "https://login.microsoftonline.com/test/v2.0",
                "token_url": undefined,
              },
              "providerName": "EntraId",
              "providerType": "OIDC",
              "rawOverrides": {},
              "stack": [Circular],
              "userPoolId": "\${Token[TOKEN.16]}",
              Symbol(@aws-cdk/core.DependableTrait): {
                "dependencyRoots": [
                  [Circular],
                ],
              },
            },
          },
          "_context": {},
          "_dependencies": Set {},
          "_locked": false,
          "_metadata": [],
          "_validations": [],
          "host": [Circular],
          "id": "EntraId",
          "scope": [Circular],
        },
        "physicalName": "\${Token[TOKEN.22]}",
        "props": {
          "attributeMapping": {
            "email": {
              "attributeName": "email",
            },
            "familyName": {
              "attributeName": "family_name",
            },
            "givenName": {
              "attributeName": "given_name",
            },
          },
          "clientId": "test",
          "clientSecret": "test",
          "issuerUrl": "https://login.microsoftonline.com/test/v2.0",
          "name": "EntraId",
          "scopes": [
            "openid",
            "profile",
            "email",
          ],
          "userPool": UserPool {
            "_allowCrossEnvironment": false,
            "_physicalName": undefined,
            "env": {
              "account": "\${Token[AWS.AccountId.2]}",
              "region": "\${Token[AWS.Region.6]}",
            },
            "identityProviders": [
              [Circular],
            ],
            "node": Node {
              "_children": {
                "Resource": CfnUserPool {
                  "_cfnProperties": {
                    "accountRecoverySetting": {
                      "recoveryMechanisms": [
                        {
                          "name": "verified_phone_number",
                          "priority": 1,
                        },
                        {
                          "name": "verified_email",
                          "priority": 2,
                        },
                      ],
                    },
                    "adminCreateUserConfig": {
                      "allowAdminCreateUserOnly": true,
                      "inviteMessageTemplate": undefined,
                    },
                    "aliasAttributes": undefined,
                    "autoVerifiedAttributes": undefined,
                    "deletionProtection": undefined,
                    "deviceConfiguration": undefined,
                    "emailConfiguration": undefined,
                    "emailVerificationMessage": "The verification code to your new account is {####}",
                    "emailVerificationSubject": "Verify your new account",
                    "enabledMfas": undefined,
                    "lambdaConfig": "<unresolved-lazy>",
                    "mfaConfiguration": undefined,
                    "policies": undefined,
                    "schema": undefined,
                    "smsAuthenticationMessage": undefined,
                    "smsConfiguration": undefined,
                    "smsVerificationMessage": "The verification code to your new account is {####}",
                    "userAttributeUpdateSettings": undefined,
                    "userPoolAddOns": undefined,
                    "userPoolName": "entraid-userpool",
                    "usernameAttributes": undefined,
                    "usernameConfiguration": undefined,
                    "verificationMessageTemplate": {
                      "defaultEmailOption": "CONFIRM_WITH_CODE",
                      "emailMessage": "The verification code to your new account is {####}",
                      "emailSubject": "Verify your new account",
                      "smsMessage": "The verification code to your new account is {####}",
                    },
                  },
                  "accountRecoverySetting": {
                    "recoveryMechanisms": [
                      {
                        "name": "verified_phone_number",
                        "priority": 1,
                      },
                      {
                        "name": "verified_email",
                        "priority": 2,
                      },
                    ],
                  },
                  "adminCreateUserConfig": {
                    "allowAdminCreateUserOnly": true,
                    "inviteMessageTemplate": undefined,
                  },
                  "aliasAttributes": undefined,
                  "attrArn": "\${Token[TOKEN.12]}",
                  "attrProviderName": "\${Token[TOKEN.13]}",
                  "attrProviderUrl": "\${Token[TOKEN.14]}",
                  "attrUserPoolId": "\${Token[TOKEN.15]}",
                  "autoVerifiedAttributes": undefined,
                  "cfnOptions": {
                    "deletionPolicy": "Delete",
                    "updateReplacePolicy": "Delete",
                  },
                  "cfnResourceType": "AWS::Cognito::UserPool",
                  "deletionProtection": undefined,
                  "dependsOn": Set {},
                  "deviceConfiguration": undefined,
                  "emailConfiguration": undefined,
                  "emailVerificationMessage": "The verification code to your new account is {####}",
                  "emailVerificationSubject": "Verify your new account",
                  "enabledMfas": undefined,
                  "lambdaConfig": "<unresolved-lazy>",
                  "logicalId": "\${Token[MyTestStack.UserPool.Resource.LogicalID.11]}",
                  "mfaConfiguration": undefined,
                  "node": Node {
                    "_children": {},
                    "_context": {},
                    "_dependencies": Set {},
                    "_locked": false,
                    "_metadata": [
                      {
                        "data": "\${Token[MyTestStack.UserPool.Resource.LogicalID.11]}",
                        "trace": undefined,
                        "type": "aws:cdk:logicalId",
                      },
                    ],
                    "_validations": [
                      {
                        "validate": [Function],
                      },
                    ],
                    "host": [Circular],
                    "id": "Resource",
                    "scope": [Circular],
                  },
                  "policies": undefined,
                  "rawOverrides": {},
                  "schema": undefined,
                  "smsAuthenticationMessage": undefined,
                  "smsConfiguration": undefined,
                  "smsVerificationMessage": "The verification code to your new account is {####}",
                  "stack": [Circular],
                  "tags": TagManager {
                    "didHaveInitialTags": false,
                    "externalTagPriority": 50,
                    "priorities": Map {},
                    "renderedTags": "<unresolved-lazy>",
                    "resourceTypeName": "AWS::Cognito::UserPool",
                    "tagFormatter": MapFormatter {},
                    "tagPropertyName": "userPoolTags",
                    "tags": Map {},
                  },
                  "userAttributeUpdateSettings": undefined,
                  "userPoolAddOns": undefined,
                  "userPoolName": "entraid-userpool",
                  "userPoolTagsRaw": undefined,
                  "usernameAttributes": undefined,
                  "usernameConfiguration": undefined,
                  "verificationMessageTemplate": {
                    "defaultEmailOption": "CONFIRM_WITH_CODE",
                    "emailMessage": "The verification code to your new account is {####}",
                    "emailSubject": "Verify your new account",
                    "smsMessage": "The verification code to your new account is {####}",
                  },
                  Symbol(@aws-cdk/core.DependableTrait): {
                    "dependencyRoots": [
                      [Circular],
                    ],
                  },
                },
              },
              "_context": {},
              "_dependencies": Set {},
              "_locked": false,
              "_metadata": [],
              "_validations": [],
              "host": [Circular],
              "id": "UserPool",
              "scope": [Circular],
            },
            "physicalName": "\${Token[TOKEN.10]}",
            "stack": [Circular],
            "triggers": {},
            "userPoolArn": "\${Token[TOKEN.12]}",
            "userPoolId": "\${Token[TOKEN.16]}",
            "userPoolProviderName": "\${Token[TOKEN.13]}",
            "userPoolProviderUrl": "\${Token[TOKEN.14]}",
            Symbol(@aws-cdk/core.DependableTrait): {
              "dependencyRoots": [
                [Circular],
              ],
            },
          },
        },
        "providerName": "\${Token[TOKEN.26]}",
        "stack": [Circular],
        Symbol(@aws-cdk/core.DependableTrait): {
          "dependencyRoots": [
            [Circular],
          ],
        },
      },
      "IdentityPool": CfnIdentityPool {
        "_cfnProperties": {
          "allowUnauthenticatedIdentities": false,
          "cognitoIdentityProviders": [
            {
              "clientId": "\${Token[TOKEN.33]}",
              "providerName": "\${Token[TOKEN.13]}",
            },
          ],
          "identityPoolName": "entraid-identitypool",
        },
        "allowClassicFlow": undefined,
        "allowUnauthenticatedIdentities": false,
        "attrId": "\${Token[TOKEN.35]}",
        "attrName": "\${Token[TOKEN.36]}",
        "cfnOptions": {
          "deletionPolicy": "Delete",
          "updateReplacePolicy": "Delete",
        },
        "cfnResourceType": "AWS::Cognito::IdentityPool",
        "cognitoEvents": undefined,
        "cognitoIdentityProviders": [
          {
            "clientId": "\${Token[TOKEN.33]}",
            "providerName": "\${Token[TOKEN.13]}",
          },
        ],
        "cognitoStreams": undefined,
        "dependsOn": Set {},
        "developerProviderName": undefined,
        "identityPoolName": "entraid-identitypool",
        "logicalId": "\${Token[MyTestStack.IdentityPool.LogicalID.34]}",
        "node": Node {
          "_children": {},
          "_context": {},
          "_dependencies": Set {},
          "_locked": false,
          "_metadata": [
            {
              "data": "\${Token[MyTestStack.IdentityPool.LogicalID.34]}",
              "trace": undefined,
              "type": "aws:cdk:logicalId",
            },
          ],
          "_validations": [],
          "host": [Circular],
          "id": "IdentityPool",
          "scope": [Circular],
        },
        "openIdConnectProviderArns": undefined,
        "pushSync": undefined,
        "rawOverrides": {},
        "samlProviderArns": undefined,
        "stack": [Circular],
        "supportedLoginProviders": undefined,
        Symbol(@aws-cdk/core.DependableTrait): {
          "dependencyRoots": [
            [Circular],
          ],
        },
      },
      "IdentityPoolRoles": CfnIdentityPoolRoleAttachment {
        "_cfnProperties": {
          "identityPoolId": "\${Token[TOKEN.37]}",
          "roles": {
            "authenticated": "arn:aws:iam::aws:policy/AdministratorAccess",
          },
        },
        "attrId": "\${Token[TOKEN.39]}",
        "cfnOptions": {},
        "cfnResourceType": "AWS::Cognito::IdentityPoolRoleAttachment",
        "dependsOn": Set {},
        "identityPoolId": "\${Token[TOKEN.37]}",
        "logicalId": "\${Token[MyTestStack.IdentityPoolRoles.LogicalID.38]}",
        "node": Node {
          "_children": {},
          "_context": {},
          "_dependencies": Set {},
          "_locked": false,
          "_metadata": [
            {
              "data": "\${Token[MyTestStack.IdentityPoolRoles.LogicalID.38]}",
              "trace": undefined,
              "type": "aws:cdk:logicalId",
            },
          ],
          "_validations": [],
          "host": [Circular],
          "id": "IdentityPoolRoles",
          "scope": [Circular],
        },
        "rawOverrides": {},
        "roleMappings": undefined,
        "roles": {
          "authenticated": "arn:aws:iam::aws:policy/AdministratorAccess",
        },
        "stack": [Circular],
        Symbol(@aws-cdk/core.DependableTrait): {
          "dependencyRoots": [
            [Circular],
          ],
        },
      },
      "OutputIdentityPoolId": CfnOutput {
        "_condition": undefined,
        "_description": undefined,
        "_exportName": undefined,
        "_value": "\${Token[TOKEN.37]}",
        "logicalId": "\${Token[MyTestStack.OutputIdentityPoolId.LogicalID.43]}",
        "node": Node {
          "_children": {},
          "_context": {},
          "_dependencies": Set {},
          "_locked": false,
          "_metadata": [
            {
              "data": "\${Token[MyTestStack.OutputIdentityPoolId.LogicalID.43]}",
              "trace": undefined,
              "type": "aws:cdk:logicalId",
            },
          ],
          "_validations": [
            {
              "validate": [Function],
            },
          ],
          "host": [Circular],
          "id": "OutputIdentityPoolId",
          "scope": [Circular],
        },
        "stack": [Circular],
        Symbol(@aws-cdk/core.DependableTrait): {
          "dependencyRoots": [
            [Circular],
          ],
        },
      },
      "OutputIdentityPoolProviderArn": CfnOutput {
        "_condition": undefined,
        "_description": undefined,
        "_exportName": undefined,
        "_value": "arn:aws:cognito-idp:\${Token[AWS.Region.6]}:\${Token[AWS.AccountId.2]}:userpool/\${Token[TOKEN.16]}",
        "logicalId": "\${Token[MyTestStack.OutputIdentityPoolProviderArn.LogicalID.46]}",
        "node": Node {
          "_children": {},
          "_context": {},
          "_dependencies": Set {},
          "_locked": false,
          "_metadata": [
            {
              "data": "\${Token[MyTestStack.OutputIdentityPoolProviderArn.LogicalID.46]}",
              "trace": undefined,
              "type": "aws:cdk:logicalId",
            },
          ],
          "_validations": [
            {
              "validate": [Function],
            },
          ],
          "host": [Circular],
          "id": "OutputIdentityPoolProviderArn",
          "scope": [Circular],
        },
        "stack": [Circular],
        Symbol(@aws-cdk/core.DependableTrait): {
          "dependencyRoots": [
            [Circular],
          ],
        },
      },
      "OutputIdentityPoolProviderName": CfnOutput {
        "_condition": undefined,
        "_description": undefined,
        "_exportName": undefined,
        "_value": "\${Token[TOKEN.13]}",
        "logicalId": "\${Token[MyTestStack.OutputIdentityPoolProviderName.LogicalID.44]}",
        "node": Node {
          "_children": {},
          "_context": {},
          "_dependencies": Set {},
          "_locked": false,
          "_metadata": [
            {
              "data": "\${Token[MyTestStack.OutputIdentityPoolProviderName.LogicalID.44]}",
              "trace": undefined,
              "type": "aws:cdk:logicalId",
            },
          ],
          "_validations": [
            {
              "validate": [Function],
            },
          ],
          "host": [Circular],
          "id": "OutputIdentityPoolProviderName",
          "scope": [Circular],
        },
        "stack": [Circular],
        Symbol(@aws-cdk/core.DependableTrait): {
          "dependencyRoots": [
            [Circular],
          ],
        },
      },
      "OutputIdentityPoolProviderUrl": CfnOutput {
        "_condition": undefined,
        "_description": undefined,
        "_exportName": undefined,
        "_value": "cognito-idp.\${Token[AWS.Region.6]}.amazonaws.com/\${Token[TOKEN.16]}",
        "logicalId": "\${Token[MyTestStack.OutputIdentityPoolProviderUrl.LogicalID.45]}",
        "node": Node {
          "_children": {},
          "_context": {},
          "_dependencies": Set {},
          "_locked": false,
          "_metadata": [
            {
              "data": "\${Token[MyTestStack.OutputIdentityPoolProviderUrl.LogicalID.45]}",
              "trace": undefined,
              "type": "aws:cdk:logicalId",
            },
          ],
          "_validations": [
            {
              "validate": [Function],
            },
          ],
          "host": [Circular],
          "id": "OutputIdentityPoolProviderUrl",
          "scope": [Circular],
        },
        "stack": [Circular],
        Symbol(@aws-cdk/core.DependableTrait): {
          "dependencyRoots": [
            [Circular],
          ],
        },
      },
      "OutputUserPoolClientId": CfnOutput {
        "_condition": undefined,
        "_description": undefined,
        "_exportName": undefined,
        "_value": "\${Token[TOKEN.33]}",
        "logicalId": "\${Token[MyTestStack.OutputUserPoolClientId.LogicalID.42]}",
        "node": Node {
          "_children": {},
          "_context": {},
          "_dependencies": Set {},
          "_locked": false,
          "_metadata": [
            {
              "data": "\${Token[MyTestStack.OutputUserPoolClientId.LogicalID.42]}",
              "trace": undefined,
              "type": "aws:cdk:logicalId",
            },
          ],
          "_validations": [
            {
              "validate": [Function],
            },
          ],
          "host": [Circular],
          "id": "OutputUserPoolClientId",
          "scope": [Circular],
        },
        "stack": [Circular],
        Symbol(@aws-cdk/core.DependableTrait): {
          "dependencyRoots": [
            [Circular],
          ],
        },
      },
      "OutputUserPoolDomain": CfnOutput {
        "_condition": undefined,
        "_description": undefined,
        "_exportName": undefined,
        "_value": "https://\${Token[TOKEN.21]}.auth.\${Token[AWS.Region.6]}.amazoncognito.com",
        "logicalId": "\${Token[MyTestStack.OutputUserPoolDomain.LogicalID.41]}",
        "node": Node {
          "_children": {},
          "_context": {},
          "_dependencies": Set {},
          "_locked": false,
          "_metadata": [
            {
              "data": "\${Token[MyTestStack.OutputUserPoolDomain.LogicalID.41]}",
              "trace": undefined,
              "type": "aws:cdk:logicalId",
            },
          ],
          "_validations": [
            {
              "validate": [Function],
            },
          ],
          "host": [Circular],
          "id": "OutputUserPoolDomain",
          "scope": [Circular],
        },
        "stack": [Circular],
        Symbol(@aws-cdk/core.DependableTrait): {
          "dependencyRoots": [
            [Circular],
          ],
        },
      },
      "OutputUserPoolId": CfnOutput {
        "_condition": undefined,
        "_description": undefined,
        "_exportName": undefined,
        "_value": "\${Token[TOKEN.16]}",
        "logicalId": "\${Token[MyTestStack.OutputUserPoolId.LogicalID.40]}",
        "node": Node {
          "_children": {},
          "_context": {},
          "_dependencies": Set {},
          "_locked": false,
          "_metadata": [
            {
              "data": "\${Token[MyTestStack.OutputUserPoolId.LogicalID.40]}",
              "trace": undefined,
              "type": "aws:cdk:logicalId",
            },
          ],
          "_validations": [
            {
              "validate": [Function],
            },
          ],
          "host": [Circular],
          "id": "OutputUserPoolId",
          "scope": [Circular],
        },
        "stack": [Circular],
        Symbol(@aws-cdk/core.DependableTrait): {
          "dependencyRoots": [
            [Circular],
          ],
        },
      },
      "UserPool": UserPool {
        "_allowCrossEnvironment": false,
        "_physicalName": undefined,
        "env": {
          "account": "\${Token[AWS.AccountId.2]}",
          "region": "\${Token[AWS.Region.6]}",
        },
        "identityProviders": [
          UserPoolIdentityProviderOidc {
            "_allowCrossEnvironment": false,
            "_physicalName": undefined,
            "env": {
              "account": "\${Token[AWS.AccountId.2]}",
              "region": "\${Token[AWS.Region.6]}",
            },
            "node": Node {
              "_children": {
                "Resource": CfnUserPoolIdentityProvider {
                  "_cfnProperties": {
                    "attributeMapping": {
                      "email": "email",
                      "family_name": "family_name",
                      "given_name": "given_name",
                    },
                    "idpIdentifiers": undefined,
                    "providerDetails": {
                      "attributes_request_method": "GET",
                      "attributes_url": undefined,
                      "authorize_scopes": "openid profile email",
                      "authorize_url": undefined,
                      "client_id": "test",
                      "client_secret": "test",
                      "jwks_uri": undefined,
                      "oidc_issuer": "https://login.microsoftonline.com/test/v2.0",
                      "token_url": undefined,
                    },
                    "providerName": "EntraId",
                    "providerType": "OIDC",
                    "userPoolId": "\${Token[TOKEN.16]}",
                  },
                  "attrId": "\${Token[TOKEN.24]}",
                  "attributeMapping": {
                    "email": "email",
                    "family_name": "family_name",
                    "given_name": "given_name",
                  },
                  "cfnOptions": {},
                  "cfnResourceType": "AWS::Cognito::UserPoolIdentityProvider",
                  "dependsOn": Set {},
                  "idpIdentifiers": undefined,
                  "logicalId": "\${Token[MyTestStack.EntraId.Resource.LogicalID.23]}",
                  "node": Node {
                    "_children": {},
                    "_context": {},
                    "_dependencies": Set {},
                    "_locked": false,
                    "_metadata": [
                      {
                        "data": "\${Token[MyTestStack.EntraId.Resource.LogicalID.23]}",
                        "trace": undefined,
                        "type": "aws:cdk:logicalId",
                      },
                    ],
                    "_validations": [],
                    "host": [Circular],
                    "id": "Resource",
                    "scope": [Circular],
                  },
                  "providerDetails": {
                    "attributes_request_method": "GET",
                    "attributes_url": undefined,
                    "authorize_scopes": "openid profile email",
                    "authorize_url": undefined,
                    "client_id": "test",
                    "client_secret": "test",
                    "jwks_uri": undefined,
                    "oidc_issuer": "https://login.microsoftonline.com/test/v2.0",
                    "token_url": undefined,
                  },
                  "providerName": "EntraId",
                  "providerType": "OIDC",
                  "rawOverrides": {},
                  "stack": [Circular],
                  "userPoolId": "\${Token[TOKEN.16]}",
                  Symbol(@aws-cdk/core.DependableTrait): {
                    "dependencyRoots": [
                      [Circular],
                    ],
                  },
                },
              },
              "_context": {},
              "_dependencies": Set {},
              "_locked": false,
              "_metadata": [],
              "_validations": [],
              "host": [Circular],
              "id": "EntraId",
              "scope": [Circular],
            },
            "physicalName": "\${Token[TOKEN.22]}",
            "props": {
              "attributeMapping": {
                "email": {
                  "attributeName": "email",
                },
                "familyName": {
                  "attributeName": "family_name",
                },
                "givenName": {
                  "attributeName": "given_name",
                },
              },
              "clientId": "test",
              "clientSecret": "test",
              "issuerUrl": "https://login.microsoftonline.com/test/v2.0",
              "name": "EntraId",
              "scopes": [
                "openid",
                "profile",
                "email",
              ],
              "userPool": [Circular],
            },
            "providerName": "\${Token[TOKEN.26]}",
            "stack": [Circular],
            Symbol(@aws-cdk/core.DependableTrait): {
              "dependencyRoots": [
                [Circular],
              ],
            },
          },
        ],
        "node": Node {
          "_children": {
            "Resource": CfnUserPool {
              "_cfnProperties": {
                "accountRecoverySetting": {
                  "recoveryMechanisms": [
                    {
                      "name": "verified_phone_number",
                      "priority": 1,
                    },
                    {
                      "name": "verified_email",
                      "priority": 2,
                    },
                  ],
                },
                "adminCreateUserConfig": {
                  "allowAdminCreateUserOnly": true,
                  "inviteMessageTemplate": undefined,
                },
                "aliasAttributes": undefined,
                "autoVerifiedAttributes": undefined,
                "deletionProtection": undefined,
                "deviceConfiguration": undefined,
                "emailConfiguration": undefined,
                "emailVerificationMessage": "The verification code to your new account is {####}",
                "emailVerificationSubject": "Verify your new account",
                "enabledMfas": undefined,
                "lambdaConfig": "<unresolved-lazy>",
                "mfaConfiguration": undefined,
                "policies": undefined,
                "schema": undefined,
                "smsAuthenticationMessage": undefined,
                "smsConfiguration": undefined,
                "smsVerificationMessage": "The verification code to your new account is {####}",
                "userAttributeUpdateSettings": undefined,
                "userPoolAddOns": undefined,
                "userPoolName": "entraid-userpool",
                "usernameAttributes": undefined,
                "usernameConfiguration": undefined,
                "verificationMessageTemplate": {
                  "defaultEmailOption": "CONFIRM_WITH_CODE",
                  "emailMessage": "The verification code to your new account is {####}",
                  "emailSubject": "Verify your new account",
                  "smsMessage": "The verification code to your new account is {####}",
                },
              },
              "accountRecoverySetting": {
                "recoveryMechanisms": [
                  {
                    "name": "verified_phone_number",
                    "priority": 1,
                  },
                  {
                    "name": "verified_email",
                    "priority": 2,
                  },
                ],
              },
              "adminCreateUserConfig": {
                "allowAdminCreateUserOnly": true,
                "inviteMessageTemplate": undefined,
              },
              "aliasAttributes": undefined,
              "attrArn": "\${Token[TOKEN.12]}",
              "attrProviderName": "\${Token[TOKEN.13]}",
              "attrProviderUrl": "\${Token[TOKEN.14]}",
              "attrUserPoolId": "\${Token[TOKEN.15]}",
              "autoVerifiedAttributes": undefined,
              "cfnOptions": {
                "deletionPolicy": "Delete",
                "updateReplacePolicy": "Delete",
              },
              "cfnResourceType": "AWS::Cognito::UserPool",
              "deletionProtection": undefined,
              "dependsOn": Set {},
              "deviceConfiguration": undefined,
              "emailConfiguration": undefined,
              "emailVerificationMessage": "The verification code to your new account is {####}",
              "emailVerificationSubject": "Verify your new account",
              "enabledMfas": undefined,
              "lambdaConfig": "<unresolved-lazy>",
              "logicalId": "\${Token[MyTestStack.UserPool.Resource.LogicalID.11]}",
              "mfaConfiguration": undefined,
              "node": Node {
                "_children": {},
                "_context": {},
                "_dependencies": Set {},
                "_locked": false,
                "_metadata": [
                  {
                    "data": "\${Token[MyTestStack.UserPool.Resource.LogicalID.11]}",
                    "trace": undefined,
                    "type": "aws:cdk:logicalId",
                  },
                ],
                "_validations": [
                  {
                    "validate": [Function],
                  },
                ],
                "host": [Circular],
                "id": "Resource",
                "scope": [Circular],
              },
              "policies": undefined,
              "rawOverrides": {},
              "schema": undefined,
              "smsAuthenticationMessage": undefined,
              "smsConfiguration": undefined,
              "smsVerificationMessage": "The verification code to your new account is {####}",
              "stack": [Circular],
              "tags": TagManager {
                "didHaveInitialTags": false,
                "externalTagPriority": 50,
                "priorities": Map {},
                "renderedTags": "<unresolved-lazy>",
                "resourceTypeName": "AWS::Cognito::UserPool",
                "tagFormatter": MapFormatter {},
                "tagPropertyName": "userPoolTags",
                "tags": Map {},
              },
              "userAttributeUpdateSettings": undefined,
              "userPoolAddOns": undefined,
              "userPoolName": "entraid-userpool",
              "userPoolTagsRaw": undefined,
              "usernameAttributes": undefined,
              "usernameConfiguration": undefined,
              "verificationMessageTemplate": {
                "defaultEmailOption": "CONFIRM_WITH_CODE",
                "emailMessage": "The verification code to your new account is {####}",
                "emailSubject": "Verify your new account",
                "smsMessage": "The verification code to your new account is {####}",
              },
              Symbol(@aws-cdk/core.DependableTrait): {
                "dependencyRoots": [
                  [Circular],
                ],
              },
            },
          },
          "_context": {},
          "_dependencies": Set {},
          "_locked": false,
          "_metadata": [],
          "_validations": [],
          "host": [Circular],
          "id": "UserPool",
          "scope": [Circular],
        },
        "physicalName": "\${Token[TOKEN.10]}",
        "stack": [Circular],
        "triggers": {},
        "userPoolArn": "\${Token[TOKEN.12]}",
        "userPoolId": "\${Token[TOKEN.16]}",
        "userPoolProviderName": "\${Token[TOKEN.13]}",
        "userPoolProviderUrl": "\${Token[TOKEN.14]}",
        Symbol(@aws-cdk/core.DependableTrait): {
          "dependencyRoots": [
            [Circular],
          ],
        },
      },
      "UserPoolClient": UserPoolClient {
        "_allowCrossEnvironment": false,
        "_generateSecret": false,
        "_physicalName": undefined,
        "_userPoolClientName": "entraid-userpool-client",
        "env": {
          "account": "\${Token[AWS.AccountId.2]}",
          "region": "\${Token[AWS.Region.6]}",
        },
        "node": Node {
          "_children": {
            "Resource": CfnUserPoolClient {
              "_cfnProperties": {
                "allowedOAuthFlows": [
                  "implicit",
                  "code",
                ],
                "allowedOAuthFlowsUserPoolClient": true,
                "allowedOAuthScopes": [
                  "email",
                  "openid",
                  "profile",
                ],
                "callbackUrLs": [
                  "http://localhost:3000",
                ],
                "clientName": "entraid-userpool-client",
                "enableTokenRevocation": undefined,
                "explicitAuthFlows": undefined,
                "generateSecret": false,
                "logoutUrLs": [
                  "http://localhost:3000",
                ],
                "preventUserExistenceErrors": undefined,
                "readAttributes": undefined,
                "supportedIdentityProviders": [
                  "\${Token[TOKEN.26]}",
                ],
                "userPoolId": "\${Token[TOKEN.16]}",
                "writeAttributes": undefined,
              },
              "accessTokenValidity": undefined,
              "allowedOAuthFlows": [
                "implicit",
                "code",
              ],
              "allowedOAuthFlowsUserPoolClient": true,
              "allowedOAuthScopes": [
                "email",
                "openid",
                "profile",
              ],
              "analyticsConfiguration": undefined,
              "attrClientId": "\${Token[TOKEN.29]}",
              "attrClientSecret": "\${Token[TOKEN.30]}",
              "attrId": "\${Token[TOKEN.31]}",
              "attrName": "\${Token[TOKEN.32]}",
              "authSessionValidity": undefined,
              "callbackUrLs": [
                "http://localhost:3000",
              ],
              "cfnOptions": {},
              "cfnResourceType": "AWS::Cognito::UserPoolClient",
              "clientName": "entraid-userpool-client",
              "defaultRedirectUri": undefined,
              "dependsOn": Set {},
              "enablePropagateAdditionalUserContextData": undefined,
              "enableTokenRevocation": undefined,
              "explicitAuthFlows": undefined,
              "generateSecret": false,
              "idTokenValidity": undefined,
              "logicalId": "\${Token[MyTestStack.UserPoolClient.Resource.LogicalID.28]}",
              "logoutUrLs": [
                "http://localhost:3000",
              ],
              "node": Node {
                "_children": {},
                "_context": {},
                "_dependencies": Set {},
                "_locked": false,
                "_metadata": [
                  {
                    "data": "\${Token[MyTestStack.UserPoolClient.Resource.LogicalID.28]}",
                    "trace": undefined,
                    "type": "aws:cdk:logicalId",
                  },
                ],
                "_validations": [],
                "host": [Circular],
                "id": "Resource",
                "scope": [Circular],
              },
              "preventUserExistenceErrors": undefined,
              "rawOverrides": {},
              "readAttributes": undefined,
              "refreshTokenValidity": undefined,
              "stack": [Circular],
              "supportedIdentityProviders": [
                "\${Token[TOKEN.26]}",
              ],
              "tokenValidityUnits": undefined,
              "userPoolId": "\${Token[TOKEN.16]}",
              "writeAttributes": undefined,
              Symbol(@aws-cdk/core.DependableTrait): {
                "dependencyRoots": [
                  [Circular],
                ],
              },
            },
          },
          "_context": {},
          "_dependencies": Set {},
          "_locked": false,
          "_metadata": [],
          "_validations": [],
          "host": [Circular],
          "id": "UserPoolClient",
          "scope": [Circular],
        },
        "oAuthFlows": {
          "authorizationCodeGrant": true,
          "implicitCodeGrant": true,
        },
        "physicalName": "\${Token[TOKEN.27]}",
        "stack": [Circular],
        "userPool": UserPool {
          "_allowCrossEnvironment": false,
          "_physicalName": undefined,
          "env": {
            "account": "\${Token[AWS.AccountId.2]}",
            "region": "\${Token[AWS.Region.6]}",
          },
          "identityProviders": [
            UserPoolIdentityProviderOidc {
              "_allowCrossEnvironment": false,
              "_physicalName": undefined,
              "env": {
                "account": "\${Token[AWS.AccountId.2]}",
                "region": "\${Token[AWS.Region.6]}",
              },
              "node": Node {
                "_children": {
                  "Resource": CfnUserPoolIdentityProvider {
                    "_cfnProperties": {
                      "attributeMapping": {
                        "email": "email",
                        "family_name": "family_name",
                        "given_name": "given_name",
                      },
                      "idpIdentifiers": undefined,
                      "providerDetails": {
                        "attributes_request_method": "GET",
                        "attributes_url": undefined,
                        "authorize_scopes": "openid profile email",
                        "authorize_url": undefined,
                        "client_id": "test",
                        "client_secret": "test",
                        "jwks_uri": undefined,
                        "oidc_issuer": "https://login.microsoftonline.com/test/v2.0",
                        "token_url": undefined,
                      },
                      "providerName": "EntraId",
                      "providerType": "OIDC",
                      "userPoolId": "\${Token[TOKEN.16]}",
                    },
                    "attrId": "\${Token[TOKEN.24]}",
                    "attributeMapping": {
                      "email": "email",
                      "family_name": "family_name",
                      "given_name": "given_name",
                    },
                    "cfnOptions": {},
                    "cfnResourceType": "AWS::Cognito::UserPoolIdentityProvider",
                    "dependsOn": Set {},
                    "idpIdentifiers": undefined,
                    "logicalId": "\${Token[MyTestStack.EntraId.Resource.LogicalID.23]}",
                    "node": Node {
                      "_children": {},
                      "_context": {},
                      "_dependencies": Set {},
                      "_locked": false,
                      "_metadata": [
                        {
                          "data": "\${Token[MyTestStack.EntraId.Resource.LogicalID.23]}",
                          "trace": undefined,
                          "type": "aws:cdk:logicalId",
                        },
                      ],
                      "_validations": [],
                      "host": [Circular],
                      "id": "Resource",
                      "scope": [Circular],
                    },
                    "providerDetails": {
                      "attributes_request_method": "GET",
                      "attributes_url": undefined,
                      "authorize_scopes": "openid profile email",
                      "authorize_url": undefined,
                      "client_id": "test",
                      "client_secret": "test",
                      "jwks_uri": undefined,
                      "oidc_issuer": "https://login.microsoftonline.com/test/v2.0",
                      "token_url": undefined,
                    },
                    "providerName": "EntraId",
                    "providerType": "OIDC",
                    "rawOverrides": {},
                    "stack": [Circular],
                    "userPoolId": "\${Token[TOKEN.16]}",
                    Symbol(@aws-cdk/core.DependableTrait): {
                      "dependencyRoots": [
                        [Circular],
                      ],
                    },
                  },
                },
                "_context": {},
                "_dependencies": Set {},
                "_locked": false,
                "_metadata": [],
                "_validations": [],
                "host": [Circular],
                "id": "EntraId",
                "scope": [Circular],
              },
              "physicalName": "\${Token[TOKEN.22]}",
              "props": {
                "attributeMapping": {
                  "email": {
                    "attributeName": "email",
                  },
                  "familyName": {
                    "attributeName": "family_name",
                  },
                  "givenName": {
                    "attributeName": "given_name",
                  },
                },
                "clientId": "test",
                "clientSecret": "test",
                "issuerUrl": "https://login.microsoftonline.com/test/v2.0",
                "name": "EntraId",
                "scopes": [
                  "openid",
                  "profile",
                  "email",
                ],
                "userPool": [Circular],
              },
              "providerName": "\${Token[TOKEN.26]}",
              "stack": [Circular],
              Symbol(@aws-cdk/core.DependableTrait): {
                "dependencyRoots": [
                  [Circular],
                ],
              },
            },
          ],
          "node": Node {
            "_children": {
              "Resource": CfnUserPool {
                "_cfnProperties": {
                  "accountRecoverySetting": {
                    "recoveryMechanisms": [
                      {
                        "name": "verified_phone_number",
                        "priority": 1,
                      },
                      {
                        "name": "verified_email",
                        "priority": 2,
                      },
                    ],
                  },
                  "adminCreateUserConfig": {
                    "allowAdminCreateUserOnly": true,
                    "inviteMessageTemplate": undefined,
                  },
                  "aliasAttributes": undefined,
                  "autoVerifiedAttributes": undefined,
                  "deletionProtection": undefined,
                  "deviceConfiguration": undefined,
                  "emailConfiguration": undefined,
                  "emailVerificationMessage": "The verification code to your new account is {####}",
                  "emailVerificationSubject": "Verify your new account",
                  "enabledMfas": undefined,
                  "lambdaConfig": "<unresolved-lazy>",
                  "mfaConfiguration": undefined,
                  "policies": undefined,
                  "schema": undefined,
                  "smsAuthenticationMessage": undefined,
                  "smsConfiguration": undefined,
                  "smsVerificationMessage": "The verification code to your new account is {####}",
                  "userAttributeUpdateSettings": undefined,
                  "userPoolAddOns": undefined,
                  "userPoolName": "entraid-userpool",
                  "usernameAttributes": undefined,
                  "usernameConfiguration": undefined,
                  "verificationMessageTemplate": {
                    "defaultEmailOption": "CONFIRM_WITH_CODE",
                    "emailMessage": "The verification code to your new account is {####}",
                    "emailSubject": "Verify your new account",
                    "smsMessage": "The verification code to your new account is {####}",
                  },
                },
                "accountRecoverySetting": {
                  "recoveryMechanisms": [
                    {
                      "name": "verified_phone_number",
                      "priority": 1,
                    },
                    {
                      "name": "verified_email",
                      "priority": 2,
                    },
                  ],
                },
                "adminCreateUserConfig": {
                  "allowAdminCreateUserOnly": true,
                  "inviteMessageTemplate": undefined,
                },
                "aliasAttributes": undefined,
                "attrArn": "\${Token[TOKEN.12]}",
                "attrProviderName": "\${Token[TOKEN.13]}",
                "attrProviderUrl": "\${Token[TOKEN.14]}",
                "attrUserPoolId": "\${Token[TOKEN.15]}",
                "autoVerifiedAttributes": undefined,
                "cfnOptions": {
                  "deletionPolicy": "Delete",
                  "updateReplacePolicy": "Delete",
                },
                "cfnResourceType": "AWS::Cognito::UserPool",
                "deletionProtection": undefined,
                "dependsOn": Set {},
                "deviceConfiguration": undefined,
                "emailConfiguration": undefined,
                "emailVerificationMessage": "The verification code to your new account is {####}",
                "emailVerificationSubject": "Verify your new account",
                "enabledMfas": undefined,
                "lambdaConfig": "<unresolved-lazy>",
                "logicalId": "\${Token[MyTestStack.UserPool.Resource.LogicalID.11]}",
                "mfaConfiguration": undefined,
                "node": Node {
                  "_children": {},
                  "_context": {},
                  "_dependencies": Set {},
                  "_locked": false,
                  "_metadata": [
                    {
                      "data": "\${Token[MyTestStack.UserPool.Resource.LogicalID.11]}",
                      "trace": undefined,
                      "type": "aws:cdk:logicalId",
                    },
                  ],
                  "_validations": [
                    {
                      "validate": [Function],
                    },
                  ],
                  "host": [Circular],
                  "id": "Resource",
                  "scope": [Circular],
                },
                "policies": undefined,
                "rawOverrides": {},
                "schema": undefined,
                "smsAuthenticationMessage": undefined,
                "smsConfiguration": undefined,
                "smsVerificationMessage": "The verification code to your new account is {####}",
                "stack": [Circular],
                "tags": TagManager {
                  "didHaveInitialTags": false,
                  "externalTagPriority": 50,
                  "priorities": Map {},
                  "renderedTags": "<unresolved-lazy>",
                  "resourceTypeName": "AWS::Cognito::UserPool",
                  "tagFormatter": MapFormatter {},
                  "tagPropertyName": "userPoolTags",
                  "tags": Map {},
                },
                "userAttributeUpdateSettings": undefined,
                "userPoolAddOns": undefined,
                "userPoolName": "entraid-userpool",
                "userPoolTagsRaw": undefined,
                "usernameAttributes": undefined,
                "usernameConfiguration": undefined,
                "verificationMessageTemplate": {
                  "defaultEmailOption": "CONFIRM_WITH_CODE",
                  "emailMessage": "The verification code to your new account is {####}",
                  "emailSubject": "Verify your new account",
                  "smsMessage": "The verification code to your new account is {####}",
                },
                Symbol(@aws-cdk/core.DependableTrait): {
                  "dependencyRoots": [
                    [Circular],
                  ],
                },
              },
            },
            "_context": {},
            "_dependencies": Set {},
            "_locked": false,
            "_metadata": [],
            "_validations": [],
            "host": [Circular],
            "id": "UserPool",
            "scope": [Circular],
          },
          "physicalName": "\${Token[TOKEN.10]}",
          "stack": [Circular],
          "triggers": {},
          "userPoolArn": "\${Token[TOKEN.12]}",
          "userPoolId": "\${Token[TOKEN.16]}",
          "userPoolProviderName": "\${Token[TOKEN.13]}",
          "userPoolProviderUrl": "\${Token[TOKEN.14]}",
          Symbol(@aws-cdk/core.DependableTrait): {
            "dependencyRoots": [
              [Circular],
            ],
          },
        },
        "userPoolClientId": "\${Token[TOKEN.33]}",
        Symbol(@aws-cdk/core.DependableTrait): {
          "dependencyRoots": [
            [Circular],
          ],
        },
      },
      "UserPoolDomain": UserPoolDomain {
        "_allowCrossEnvironment": false,
        "_physicalName": undefined,
        "domainName": "\${Token[TOKEN.21]}",
        "env": {
          "account": "\${Token[AWS.AccountId.2]}",
          "region": "\${Token[AWS.Region.6]}",
        },
        "isCognitoDomain": true,
        "node": Node {
          "_children": {
            "Resource": CfnUserPoolDomain {
              "_cfnProperties": {
                "customDomainConfig": undefined,
                "domain": "entraid",
                "userPoolId": "\${Token[TOKEN.16]}",
              },
              "attrCloudFrontDistribution": "\${Token[TOKEN.19]}",
              "attrId": "\${Token[TOKEN.20]}",
              "cfnOptions": {},
              "cfnResourceType": "AWS::Cognito::UserPoolDomain",
              "customDomainConfig": undefined,
              "dependsOn": Set {},
              "domain": "entraid",
              "logicalId": "\${Token[MyTestStack.UserPoolDomain.Resource.LogicalID.18]}",
              "node": Node {
                "_children": {},
                "_context": {},
                "_dependencies": Set {},
                "_locked": false,
                "_metadata": [
                  {
                    "data": "\${Token[MyTestStack.UserPoolDomain.Resource.LogicalID.18]}",
                    "trace": undefined,
                    "type": "aws:cdk:logicalId",
                  },
                ],
                "_validations": [],
                "host": [Circular],
                "id": "Resource",
                "scope": [Circular],
              },
              "rawOverrides": {},
              "stack": [Circular],
              "userPoolId": "\${Token[TOKEN.16]}",
              Symbol(@aws-cdk/core.DependableTrait): {
                "dependencyRoots": [
                  [Circular],
                ],
              },
            },
          },
          "_context": {},
          "_dependencies": Set {},
          "_locked": false,
          "_metadata": [],
          "_validations": [],
          "host": [Circular],
          "id": "UserPoolDomain",
          "scope": [Circular],
        },
        "physicalName": "\${Token[TOKEN.17]}",
        "stack": [Circular],
        Symbol(@aws-cdk/core.DependableTrait): {
          "dependencyRoots": [
            [Circular],
          ],
        },
      },
    },
    "_context": {},
    "_dependencies": Set {},
    "_locked": false,
    "_metadata": [],
    "_validations": [],
    "host": [Circular],
    "id": "MyTestStack",
    "scope": App {
      "_assemblyBuilder": CloudAssemblyBuilder {
        "artifacts": {},
        "assetOutdir": "/tmp/cdk.outXvooSG",
        "missing": [],
        "outdir": "/tmp/cdk.outXvooSG",
        "parentBuilder": undefined,
      },
      "_treeMetadata": true,
      "account": undefined,
      "node": Node {
        "_children": {
          "MyTestStack": [Circular],
        },
        "_context": {},
        "_dependencies": Set {},
        "_locked": false,
        "_metadata": [],
        "_validations": [],
        "host": [Circular],
        "id": "",
        "scope": undefined,
      },
      "parentStage": undefined,
      "policyValidationBeta1": [],
      "region": undefined,
      "stageName": "",
      Symbol(@aws-cdk/core.DependableTrait): {
        "dependencyRoots": [
          [Circular],
        ],
      },
    },
  },
  "region": "\${Token[AWS.Region.6]}",
  "synthesizer": DefaultStackSynthesizer {
    "_boundStack": [Circular],
    "_cloudFormationExecutionRoleArn": "arn:\${AWS::Partition}:iam::\${AWS::AccountId}:role/cdk-hnb659fds-cfn-exec-role-\${AWS::AccountId}-\${AWS::Region}",
    "_deployRoleArn": "arn:\${AWS::Partition}:iam::\${AWS::AccountId}:role/cdk-hnb659fds-deploy-role-\${AWS::AccountId}-\${AWS::Region}",
    "bootstrapStackVersionSsmParameter": "/cdk-bootstrap/hnb659fds/version",
    "bucketName": "cdk-hnb659fds-assets-\${AWS::AccountId}-\${AWS::Region}",
    "bucketPrefix": "",
    "dockerTagPrefix": "",
    "fileAssetPublishingRoleArn": "arn:\${AWS::Partition}:iam::\${AWS::AccountId}:role/cdk-hnb659fds-file-publishing-role-\${AWS::AccountId}-\${AWS::Region}",
    "imageAssetPublishingRoleArn": "arn:\${AWS::Partition}:iam::\${AWS::AccountId}:role/cdk-hnb659fds-image-publishing-role-\${AWS::AccountId}-\${AWS::Region}",
    "lookupRoleArn": "arn:\${AWS::Partition}:iam::\${AWS::AccountId}:role/cdk-hnb659fds-lookup-role-\${AWS::AccountId}-\${AWS::Region}",
    "qualifier": "hnb659fds",
    "repositoryName": "cdk-hnb659fds-container-assets-\${AWS::AccountId}-\${AWS::Region}",
  },
  "tags": TagManager {
    "didHaveInitialTags": false,
    "externalTagPriority": 50,
    "priorities": Map {},
    "renderedTags": "<unresolved-lazy>",
    "resourceTypeName": "aws:cdk:stack",
    "tagFormatter": KeyValueFormatter {},
    "tagPropertyName": "tags",
    "tags": Map {},
  },
  "templateFile": "MyTestStack.template.json",
  "templateOptions": {},
  Symbol(@aws-cdk/core.DependableTrait): {
    "dependencyRoots": [
      [Circular],
    ],
  },
}
`;
